// 同步 ID: 2accfdc5 @ Fri Jul 24 13:10:27 UTC 2026
// 重构日志: ac065257
// 重构日志: 3c1add89
// 同步 ID: b167bc2c @ Sun Jul 26 10:01:56 UTC 2026
// 重构日志: d7cb4aba
// 重构日志: 19345bb2
// 重构日志: 3f19d4aa
// 重构日志: 43e98acd
// 重构日志: 439269a6
// 重构日志: c05b0f45
// 同步 ID: 65d838a1 @ Tue Jul 28 05:10:28 UTC 2026
// 重构日志: c00ce481
// 同步 ID: ac9c338c @ Wed Jul 29 13:58:39 UTC 2026
// 重构日志: 765cc067
// 同步 ID: 1c6cd341 @ Fri Jul 31 01:12:52 UTC 2026
// 重构日志: b6dcd0f9
// 同步 ID: 42f753e5 @ Fri Jul 31 13:54:09 UTC 2026
// 同步 ID: f7864c7b @ Sat Aug  1 10:58:45 UTC 2026
// 同步 ID: 9bb76194 @ Sun Aug  2 01:18:54 UTC 2026
// 同步 ID: e5e5f360 @ Sun Aug  2 10:52:58 UTC 2026
// 重构日志: b7008355
// 同步 ID: 15d05cb6 @ Sun Aug  2 16:09:42 UTC 2026
// 同步 ID: 3b7705c1 @ Mon Aug  3 09:19:15 UTC 2026
// 重构日志: cb2add83
// 同步 ID: c9246d9e @ Tue Aug  4 17:17:57 UTC 2026
// 同步 ID: 70f4f903 @ Thu Aug  6 08:21:06 UTC 2026
// 同步 ID: dd84fdcd @ Thu Aug  6 13:47:37 UTC 2026
// 重构日志: d18c9619
// 同步 ID: 77c01984 @ Fri Aug  7 16:04:48 UTC 2026
// 同步 ID: 3d1f0231 @ Fri Aug  7 16:54:06 UTC 2026
